// Jest Snapshot v1, https://goo.gl/fbAQLP

exports[`button 是个div 1`] = `
<div>
  Button2测试
</div>
`;
